2026-10-07T22:03:05.6302883Z   OVA_SHA256: 46cb60078eb2adbc2f8704046268f68e56798bc2b37cd824ba70f8a919bd2ab1
2026-10-07T22:03:05.6304055Z   SIDECAR_ARCHIVE_SHA256: 359cde5ff4265d223dd030abd73f45526e8af24bf562dd2ae216f97ccc260564
2026-10-07T22:03:09.1950706Z   OVA_SHA256: 46cb60078eb2adbc2f8704046268f68e56798bc2b37cd824ba70f8a919bd2ab1
2026-10-07T22:03:09.1951402Z   SIDECAR_ARCHIVE_SHA256: 359cde5ff4265d223dd030abd73f45526e8af24bf562dd2ae216f97ccc260564
2026-10-07T22:03:36.7614734Z [36;1mcd "$W"; E="$W/evidence"[0m
2026-10-07T22:03:36.7696823Z   OVA_SHA256: 46cb60078eb2adbc2f8704046268f68e56798bc2b37cd824ba70f8a919bd2ab1
2026-10-07T22:03:36.7697384Z   SIDECAR_ARCHIVE_SHA256: 359cde5ff4265d223dd030abd73f45526e8af24bf562dd2ae216f97ccc260564
2026-10-07T22:04:25.3731173Z 46cb60078eb2adbc2f8704046268f68e56798bc2b37cd824ba70f8a919bd2ab1  culvert-appliance-1.0.260-candidate.gcd8e44505bd3-ubuntu-24.04.ova
2026-10-07T22:04:45.2020881Z 359cde5ff4265d223dd030abd73f45526e8af24bf562dd2ae216f97ccc260564  /var/lib/culvert-appliance/images/clamav.tar.gz
2026-10-07T22:04:45.9688633Z   OVA_SHA256: 46cb60078eb2adbc2f8704046268f68e56798bc2b37cd824ba70f8a919bd2ab1
2026-10-07T22:04:45.9689198Z   SIDECAR_ARCHIVE_SHA256: 359cde5ff4265d223dd030abd73f45526e8af24bf562dd2ae216f97ccc260564
2026-10-07T22:04:46.1236255Z   "config": "sha256:7d422f7c7dba76221399dfc8a8e290390f59fe5b2d1641e4cf704d20c733674a",
2026-10-07T22:04:46.1316879Z [36;1mcd "$W"; E="$W/evidence"; mkdir -p rootfs[0m
2026-10-07T22:04:46.1396675Z   OVA_SHA256: 46cb60078eb2adbc2f8704046268f68e56798bc2b37cd824ba70f8a919bd2ab1
2026-10-07T22:04:46.1397235Z   SIDECAR_ARCHIVE_SHA256: 359cde5ff4265d223dd030abd73f45526e8af24bf562dd2ae216f97ccc260564
2026-10-07T22:04:49.7258917Z   OVA_SHA256: 46cb60078eb2adbc2f8704046268f68e56798bc2b37cd824ba70f8a919bd2ab1
2026-10-07T22:04:49.7259505Z   SIDECAR_ARCHIVE_SHA256: 359cde5ff4265d223dd030abd73f45526e8af24bf562dd2ae216f97ccc260564
2026-10-07T22:04:49.7425081Z   OVA_SHA256: 46cb60078eb2adbc2f8704046268f68e56798bc2b37cd824ba70f8a919bd2ab1
2026-10-07T22:04:49.7425666Z   SIDECAR_ARCHIVE_SHA256: 359cde5ff4265d223dd030abd73f45526e8af24bf562dd2ae216f97ccc260564
2026-10-07T22:04:49.7632287Z   OVA_SHA256: 46cb60078eb2adbc2f8704046268f68e56798bc2b37cd824ba70f8a919bd2ab1
2026-10-07T22:04:49.7633042Z   SIDECAR_ARCHIVE_SHA256: 359cde5ff4265d223dd030abd73f45526e8af24bf562dd2ae216f97ccc260564
2026-10-07T22:04:51.3225242Z   OVA_SHA256: 46cb60078eb2adbc2f8704046268f68e56798bc2b37cd824ba70f8a919bd2ab1
2026-10-07T22:04:51.3225820Z   SIDECAR_ARCHIVE_SHA256: 359cde5ff4265d223dd030abd73f45526e8af24bf562dd2ae216f97ccc260564
2026-10-07T22:04:51.3363516Z [36;1mcd "$W" || exit 1; E="$W/evidence"[0m
2026-10-07T22:04:51.3364542Z [36;1mtrivy --version > "$E/trivy-version.txt"[0m
2026-10-07T22:04:51.3365141Z [36;1mtrivy image --skip-db-update --input clamav.tar --scanners vuln --format json --output "$E/trivy-all.json" || exit 1[0m
2026-10-07T22:04:51.3366367Z [36;1m[ "$img" = "$SIDECAR_CONFIG" ] || { echo "::error::Trivy scanned ImageID $img, expected $SIDECAR_CONFIG"; exit 1; }[0m
2026-10-07T22:04:51.3367136Z [36;1mtrivy image --skip-db-update --input clamav.tar --format cyclonedx --output "$E/sbom.cdx.json" || exit 1[0m
2026-10-07T22:04:51.3370833Z [36;1mtrivy image --skip-db-update --input clamav.tar --scanners vuln --severity CRITICAL,HIGH --ignore-unfixed \[0m
2026-10-07T22:04:51.3372582Z [36;1mecho "gate_exit=$gate" | tee -a "$E/trivy-gate.txt"[0m
2026-10-07T22:04:51.3445598Z   OVA_SHA256: 46cb60078eb2adbc2f8704046268f68e56798bc2b37cd824ba70f8a919bd2ab1
2026-10-07T22:04:51.3446299Z   SIDECAR_ARCHIVE_SHA256: 359cde5ff4265d223dd030abd73f45526e8af24bf562dd2ae216f97ccc260564
2026-10-07T22:04:58.5317121Z gate_exit=0
2026-10-07T22:04:58.5414246Z   OVA_SHA256: 46cb60078eb2adbc2f8704046268f68e56798bc2b37cd824ba70f8a919bd2ab1
2026-10-07T22:04:58.5414821Z   SIDECAR_ARCHIVE_SHA256: 359cde5ff4265d223dd030abd73f45526e8af24bf562dd2ae216f97ccc260564
