2026-10-03T09:25:17.453951836Z	agent	NOTE	op_id=01M40HA1G6DKSY86VAS241J299 kind=upgrades.apply actor=uid=0,user=root — started
2026-10-03T09:25:17.453967886Z	capture_before	START
2026-10-03T09:25:17.67036414Z	capture_before	out	capture_before: running_image_id=sha256:f714e55b7b6708442af164accb082a3c3c89a79ecd37934931af3b166a4f448f prior_digests=sha256:f714e55b7b6708442af164accb082a3c3c89a79ecd37934931af3b166a4f448f,sha256:f714e55b7b6708442af164accb082a3c3c89a79ecd37934931af3b166a4f448f prior_ref="172.17.0.1:5056/culvert@sha256:f714e55b7b6708442af164accb082a3c3c89a79ecd37934931af3b166a4f448f" rollback_target=valid
2026-10-03T09:25:17.670377625Z	capture_before	END succeeded
2026-10-03T09:25:17.67038231Z	resolve_target	START
2026-10-03T09:25:17.75812874Z	resolve_target	out	resolve_target: requested_ref="172.17.0.1:5056/culvert@sha256:ad2d417e65575e4056c66f14427e6d2ad98f3287f69840c35e3b290b3cc805c1" pinned_ref="172.17.0.1:5056/culvert@sha256:ad2d417e65575e4056c66f14427e6d2ad98f3287f69840c35e3b290b3cc805c1" target_digests=sha256:08fbbecd79ceb771d9c9052d4460e3f7a29d261a730aafea20fbef530fec99c3,sha256:093d2a30171d6e0b9eb1af845990a2ed489903a34a2d894d8977e6f59ba6a170,sha256:0a3a60cb83abc30a10f7f790415955f0087ac3f184cf8b5c3101edc00e161fec,sha256:0d4cdc7c06605da3257e8d99d914240c3787e4118daace88383c9598090037e1,sha256:0f902986372fd6020f1f52f889785564321bca57501f750fb7dff9058afe45eb,sha256:1fe6ed614dae42a4e0353c2e26de0f2faec3c9d4f82b0207cc731de927af93b1,sha256:204f4abf887de252d220648f217d488f4061384401217d24c577bf0f22ed6607,sha256:209cc9c6387b1f3d561ead97696d538607c862f256e80e07a7e0ccd2d89ac39b,sha256:389f11b1f9269420569893d5662b5e8177b5d3a248e07bd4be5c6602c94ea853,sha256:9e79263b23a87fc6fa1f6ca4a0046c6a11e01efd0a1645c76a849a5829031ef4,sha256:bb1e8e1f36d66e692f403b428f39b2aa34e48d5656adabb290865b8842892b01,sha256:c2cf35c487bdf01750a07ee9c26a143abc89ffe3e97aa8881888d3e381b325df,sha256:c7f590e2f45d50145a85209baa652c11e479dd22de91bdc17fb6fc1a60259245,sha256:c93fb8c105b3dec698e3a7f9792623394bbdb79e9faa76bab75f90100f1ed377,sha256:cf56540e5c6d633380a8d87881ee56eded916f075d021e1cbdacad74e71727fc,sha256:dde74b51f3ad2948131dd008796bd49127dd7e5f51729dac17087eac8ffc378c,sha256:e2de96513ba9eb53b431787ec8a65cdde380ac4772a3e4c4b714dcfde2a102b5,sha256:f6dd52ccea00f96816ee031bbcb3e738d6aa816a60302c058be13cdb69e05372 already_current=false
2026-10-03T09:25:17.75814202Z	resolve_target	END succeeded
2026-10-03T09:25:17.758147012Z	pre_backup	START
2026-10-03T09:25:17.758149988Z	pre_backup	out	pre_backup: skipped (pre_backup=false)
2026-10-03T09:25:17.758151426Z	pre_backup	END succeeded
2026-10-03T09:25:17.758153839Z	pull	START
2026-10-03T09:25:18.086364705Z	pull	out	172.17.0.1:5056/culvert@sha256:ad2d417e65575e4056c66f14427e6d2ad98f3287f69840c35e3b290b3cc805c1: Pulling from culvert
2026-10-03T09:25:18.08638777Z	pull	out	08fbbecd79ce: Pulling fs layer
2026-10-03T09:25:18.086389417Z	pull	out	c2cf35c487bd: Pulling fs layer
2026-10-03T09:25:18.08639078Z	pull	out	dde74b51f3ad: Pulling fs layer
2026-10-03T09:25:18.086392326Z	pull	out	389f11b1f926: Pulling fs layer
2026-10-03T09:25:18.08639356Z	pull	out	c7f590e2f45d: Pulling fs layer
2026-10-03T09:25:18.086394837Z	pull	out	0f902986372f: Pulling fs layer
2026-10-03T09:25:18.086396351Z	pull	out	f6dd52ccea00: Pulling fs layer
2026-10-03T09:25:18.086397518Z	pull	out	bb1e8e1f36d6: Pulling fs layer
2026-10-03T09:25:18.086398616Z	pull	out	cf56540e5c6d: Pulling fs layer
2026-10-03T09:25:18.086399718Z	pull	out	209cc9c6387b: Pulling fs layer
2026-10-03T09:25:18.08640076Z	pull	out	1fe6ed614dae: Pulling fs layer
2026-10-03T09:25:18.086401813Z	pull	out	0a3a60cb83ab: Pulling fs layer
2026-10-03T09:25:18.08640289Z	pull	out	209cc9c6387b: Download complete
2026-10-03T09:25:18.086404272Z	pull	out	389f11b1f926: Download complete
2026-10-03T09:25:18.086405301Z	pull	out	093d2a30171d: Download complete
2026-10-03T09:25:18.08640645Z	pull	out	f6dd52ccea00: Download complete
2026-10-03T09:25:18.086407447Z	pull	out	c2cf35c487bd: Download complete
2026-10-03T09:25:18.086408495Z	pull	out	c7f590e2f45d: Download complete
2026-10-03T09:25:18.086411707Z	pull	err	failed to copy: failed to send write: write /var/lib/docker/containerd/daemon/io.containerd.content.v1.content/ingest/ac30f9867fa950a9fe9b74ab8d595aaa0bb311d8f01e22a4100287f713d7ea2c/data: no space left on device
2026-10-03T09:25:18.086428312Z	pull	END failed	runner: command exited 1
2026-10-03T09:25:18.086432906Z	restart	NOTE	skipped (earlier failure)
2026-10-03T09:25:18.086434268Z	health_gate	NOTE	skipped (earlier failure)
2026-10-03T09:25:18.086436339Z	verify	NOTE	skipped (earlier failure)
2026-10-03T09:25:18.086440009Z	rollback_pull	NOTE	recovery: running after earlier failure at stage=pull
2026-10-03T09:25:18.086441219Z	rollback_pull	START
2026-10-03T09:25:18.086444213Z	rollback_pull	out	rollback_pull: skipped (no post-restart failure)
2026-10-03T09:25:18.086445717Z	rollback_pull	END succeeded
2026-10-03T09:25:18.086448579Z	rollback_restart	NOTE	recovery: running after earlier failure at stage=pull
2026-10-03T09:25:18.08644978Z	rollback_restart	START
2026-10-03T09:25:18.086451619Z	rollback_restart	out	rollback_restart: skipped (no post-restart failure)
2026-10-03T09:25:18.086453183Z	rollback_restart	END succeeded
2026-10-03T09:25:18.086454924Z	rollback_health	NOTE	recovery: running after earlier failure at stage=pull
2026-10-03T09:25:18.086456107Z	rollback_health	START
2026-10-03T09:25:18.086457523Z	rollback_health	out	rollback_health: skipped (no post-restart failure)
2026-10-03T09:25:18.086458725Z	rollback_health	END succeeded
2026-10-03T09:25:18.086460425Z	rollback_verify	NOTE	recovery: running after earlier failure at stage=pull
2026-10-03T09:25:18.086461494Z	rollback_verify	START
2026-10-03T09:25:18.086462974Z	rollback_verify	out	rollback_verify: skipped (no post-restart failure)
2026-10-03T09:25:18.086464212Z	rollback_verify	END succeeded
2026-10-03T09:25:18.086465859Z	report	NOTE	recovery: running after earlier failure at stage=pull
2026-10-03T09:25:18.086466971Z	report	START
2026-10-03T09:25:18.086506241Z	report	out	upgrade_apply requested_ref="172.17.0.1:5056/culvert@sha256:ad2d417e65575e4056c66f14427e6d2ad98f3287f69840c35e3b290b3cc805c1" pinned_ref="172.17.0.1:5056/culvert@sha256:ad2d417e65575e4056c66f14427e6d2ad98f3287f69840c35e3b290b3cc805c1" already_current=false pre_backup=false target_digests=sha256:08fbbecd79ceb771d9c9052d4460e3f7a29d261a730aafea20fbef530fec99c3,sha256:093d2a30171d6e0b9eb1af845990a2ed489903a34a2d894d8977e6f59ba6a170,sha256:0a3a60cb83abc30a10f7f790415955f0087ac3f184cf8b5c3101edc00e161fec,sha256:0d4cdc7c06605da3257e8d99d914240c3787e4118daace88383c9598090037e1,sha256:0f902986372fd6020f1f52f889785564321bca57501f750fb7dff9058afe45eb,sha256:1fe6ed614dae42a4e0353c2e26de0f2faec3c9d4f82b0207cc731de927af93b1,sha256:204f4abf887de252d220648f217d488f4061384401217d24c577bf0f22ed6607,sha256:209cc9c6387b1f3d561ead97696d538607c862f256e80e07a7e0ccd2d89ac39b,sha256:389f11b1f9269420569893d5662b5e8177b5d3a248e07bd4be5c6602c94ea853,sha256:9e79263b23a87fc6fa1f6ca4a0046c6a11e01efd0a1645c76a849a5829031ef4,sha256:bb1e8e1f36d66e692f403b428f39b2aa34e48d5656adabb290865b8842892b01,sha256:c2cf35c487bdf01750a07ee9c26a143abc89ffe3e97aa8881888d3e381b325df,sha256:c7f590e2f45d50145a85209baa652c11e479dd22de91bdc17fb6fc1a60259245,sha256:c93fb8c105b3dec698e3a7f9792623394bbdb79e9faa76bab75f90100f1ed377,sha256:cf56540e5c6d633380a8d87881ee56eded916f075d021e1cbdacad74e71727fc,sha256:dde74b51f3ad2948131dd008796bd49127dd7e5f51729dac17087eac8ffc378c,sha256:e2de96513ba9eb53b431787ec8a65cdde380ac4772a3e4c4b714dcfde2a102b5,sha256:f6dd52ccea00f96816ee031bbcb3e738d6aa816a60302c058be13cdb69e05372 prior_digests=sha256:f714e55b7b6708442af164accb082a3c3c89a79ecd37934931af3b166a4f448f,sha256:f714e55b7b6708442af164accb082a3c3c89a79ecd37934931af3b166a4f448f running_after=none health=[] | rollback attempted=false succeeded=false target=sha256:f714e55b7b6708442af164accb082a3c3c89a79ecd37934931af3b166a4f448f final_running=sha256:f714e55b7b6708442af164accb082a3c3c89a79ecd37934931af3b166a4f448f,sha256:f714e55b7b6708442af164accb082a3c3c89a79ecd37934931af3b166a4f448f
2026-10-03T09:25:18.086507937Z	report	END succeeded
2026-10-03T09:25:18.091666682Z	agent	NOTE	op finished failed at stage=pull reason=command_error err=runner: command exited 1
